Error: The required package `expo-asset` cannot be found
Error: The required package `expo-asset` cannot be found
    at getAssetPlugins (C:\ServiceTracker\node_modules\@expo\metro-config\src\ExpoMetroConfig.ts:65:11)
    at getDefaultConfig (C:\ServiceTracker\node_modules\@expo\metro-config\src\ExpoMetroConfig.ts:373:21)
    at loadMetroConfigAsync (C:\ServiceTracker\node_modules\@expo\cli\src\start\server\metro\instantiateMetro.ts:96:43)
    at instantiateMetroAsync (C:\ServiceTracker\node_modules\@expo\cli\src\start\server\metro\instantiateMetro.ts:195:53)
    at MetroBundlerDevServer.startImplementationAsync (C:\ServiceTracker\node_modules\@expo\cli\src\start\server\metro\MetroBundlerDevServer.ts:940:69)
    at MetroBundlerDevServer.startAsync (C:\ServiceTracker\node_modules\@expo\cli\src\start\server\BundlerDevServer.ts:160:18)
    at DevServerManager.startAsync (C:\ServiceTracker\node_modules\@expo\cli\src\start\server\DevServerManager.ts:184:7)
    at Function.startMetroAsync (C:\ServiceTracker\node_modules\@expo\cli\src\start\server\DevServerManager.ts:40:5)
    at exportAppAsync (C:\ServiceTracker\node_modules\@expo\cli\src\export\exportApp.ts:116:28)
    at exportAsync (C:\ServiceTracker\node_modules\@expo\cli\src\export\exportAsync.ts:21:3)
EXIT_CODE=1 
